
################################################################################
#
# This file has been generated by SpyGlass:
#     Report Name      : moresimple
#     Report Created by: ICer
#     Report Created on:  Fri Aug 14 10:52:20 2026
#     Working Directory: /mnt/hgfs/Shared_Folder/AES
#     SpyGlass Version : SpyGlass_vL-2016.06
#     Policy Name      : SpyGlass(SpyGlass_vL-2016.06)
#
#     Total Number of Generated Messages :          3
#     Number of Waived Messages          :          0
#     Number of Reported Messages        :          3
#     Number of Overlimit Messages       :          0
#
#
################################################################################

+++++++++++++++++++++++++++++++++++++++++++++++++++++++++++++++++++++++
MORESIMPLE REPORT:


############### BuiltIn -> RuleGroup=Design Read ###############
+++++++++++++++++++++++++++++++++++++++++++++++++++++++++++++++++++++++++++++++++++++++
ID       Rule                    Alias                   Severity    File                                                                   Line    Wt    Message
======================================================================================
[1]      DetectTopDesignUnits    DetectTopDesignUnits    Info        AES_CBC_512.v                                                          3       2     Module AES_CBC_512 is a top level design unit
[2]      DetectTopDesignUnits    DetectTopDesignUnits    Info        AES_ECB_512.v                                                          3       2     Module AES_ECB_512 is a top level design unit
[0]      ElabSummary             ElabSummary             Info        ./spyglass-1/Design_Read/spyglass_reports/SpyGlass/elab_summary.rpt    0       2     Please refer file './spyglass-1/Design_Read/spyglass_reports/SpyGlass/elab_summary.rpt' for elab summary report
+++++++++++++++++++++++++++++++++++++++++++++++++++++++++++++++++++++++++++++++++++++++
